// Jest Snapshot v1, https://goo.gl/fbAQLP

exports[`should renders the title correctly 1`] = `
<DocumentFragment>
  <h2
    class="chakra-heading css-6gnk2m"
  >
    Minesweeper
  </h2>
</DocumentFragment>
`;
