// Jest Snapshot v1, https://goo.gl/fbAQLP

exports[`Reset Reset renders correctly 1`] = `
<DocumentFragment>
  <button
    class="css-ko2ctx"
  >
    ðŸ™‚
  </button>
</DocumentFragment>
`;
