// Jest Snapshot v1, https://goo.gl/fbAQLP

exports[`should render counter correctly 1`] = `
<DocumentFragment>
  <div
    class="css-d2q1pa"
  >
    001
  </div>
</DocumentFragment>
`;
